This is an ERROR message.
No ERRORs here.
Another ERROR occurred.